created {'training_steps': 0, 'buffer_size': 0, 'vocabulary_size': 0, 'avg_loss': 0.0, 'last_loss': 0.0}
Epoch 5/50, avg loss 1.0599, steps 10000
Epoch 10/50, avg loss 0.9909, steps 20000
Epoch 15/50, avg loss 0.9815, steps 30000
Epoch 20/50, avg loss 0.9219, steps 40000
Epoch 25/50, avg loss 0.9486, steps 50000
Epoch 30/50, avg loss 0.9244, steps 60000
Epoch 35/50, avg loss 0.9114, steps 70000
Epoch 40/50, avg loss 0.9375, steps 80000
Epoch 45/50, avg loss 0.9327, steps 90000
Epoch 50/50, avg loss 0.9074, steps 100000
TRAINING_COMPLETE 634.5 s
stats {'training_steps': 100000, 'buffer_size': 0, 'vocabulary_size': 0, 'avg_loss': 0.9305, 'last_loss': np.float64(0.8687)}
--- generation ---
Hello dad -> thland so oo the screen. and
I see -> about dad ing about rod er th
What are -> vhalasos?rent reshed.er think
I want to -> nd te loyn aftithink ab and th
The cat -> jak screen..ere about ro. scr
Dad -> teek.?gsin alayou on the sc?
